[00:00:00] sensitivity_started
[00:00:29] design_evaluation_completed | completed=20 | total=2048
[00:01:46] design_evaluation_completed | completed=40 | total=2048
[00:02:50] design_evaluation_completed | completed=60 | total=2048
[00:03:57] design_evaluation_completed | completed=80 | total=2048
[00:05:06] design_evaluation_completed | completed=100 | total=2048
[00:06:17] design_evaluation_completed | completed=120 | total=2048
[00:07:29] design_evaluation_completed | completed=140 | total=2048
[00:08:35] design_evaluation_completed | completed=160 | total=2048
[00:09:48] design_evaluation_completed | completed=180 | total=2048
[00:10:55] design_evaluation_completed | completed=200 | total=2048
[00:12:08] design_evaluation_completed | completed=220 | total=2048
[00:13:19] design_evaluation_completed | completed=240 | total=2048
[00:14:23] design_evaluation_completed | completed=260 | total=2048
[00:15:37] design_evaluation_completed | completed=280 | total=2048
[00:16:41] design_evaluation_completed | completed=300 | total=2048
[00:17:57] design_evaluation_completed | completed=320 | total=2048
[00:19:07] design_evaluation_completed | completed=340 | total=2048
[00:20:14] design_evaluation_completed | completed=360 | total=2048
[00:21:30] design_evaluation_completed | completed=380 | total=2048
[00:22:44] design_evaluation_completed | completed=400 | total=2048
[00:23:51] design_evaluation_completed | completed=420 | total=2048
[00:25:03] design_evaluation_completed | completed=440 | total=2048
[00:26:16] design_evaluation_completed | completed=460 | total=2048
[00:27:27] design_evaluation_completed | completed=480 | total=2048
[00:28:38] design_evaluation_completed | completed=500 | total=2048
[00:29:47] design_evaluation_completed | completed=520 | total=2048
[00:30:57] design_evaluation_completed | completed=540 | total=2048
[00:32:06] design_evaluation_completed | completed=560 | total=2048
[00:33:06] design_evaluation_completed | completed=580 | total=2048
[00:34:16] design_evaluation_completed | completed=600 | total=2048
[00:35:25] design_evaluation_completed | completed=620 | total=2048
[00:36:29] design_evaluation_completed | completed=640 | total=2048
[00:37:34] design_evaluation_completed | completed=660 | total=2048
[00:38:43] design_evaluation_completed | completed=680 | total=2048
[00:39:52] design_evaluation_completed | completed=700 | total=2048
[00:41:03] design_evaluation_completed | completed=720 | total=2048
[00:42:14] design_evaluation_completed | completed=740 | total=2048
[00:43:24] design_evaluation_completed | completed=760 | total=2048
[00:44:36] design_evaluation_completed | completed=780 | total=2048
[00:45:45] design_evaluation_completed | completed=800 | total=2048
[00:46:59] design_evaluation_completed | completed=820 | total=2048
[00:48:07] design_evaluation_completed | completed=840 | total=2048
[00:49:20] design_evaluation_completed | completed=860 | total=2048
[00:50:29] design_evaluation_completed | completed=880 | total=2048
[00:51:44] design_evaluation_completed | completed=900 | total=2048
[00:52:54] design_evaluation_completed | completed=920 | total=2048
[00:54:35] design_evaluation_completed | completed=940 | total=2048
[00:55:50] design_evaluation_completed | completed=960 | total=2048
[00:56:59] design_evaluation_completed | completed=980 | total=2048
[00:58:06] design_evaluation_completed | completed=1000 | total=2048
[00:59:12] design_evaluation_completed | completed=1020 | total=2048
[01:00:20] design_evaluation_completed | completed=1040 | total=2048
[01:01:20] design_evaluation_completed | completed=1060 | total=2048
[01:02:23] design_evaluation_completed | completed=1080 | total=2048
[01:03:30] design_evaluation_completed | completed=1100 | total=2048
[01:04:28] design_evaluation_completed | completed=1120 | total=2048
[01:05:30] design_evaluation_completed | completed=1140 | total=2048
[01:06:35] design_evaluation_completed | completed=1160 | total=2048
[01:07:44] design_evaluation_completed | completed=1180 | total=2048
[01:08:46] design_evaluation_completed | completed=1200 | total=2048
[01:09:53] design_evaluation_completed | completed=1220 | total=2048
[01:10:58] design_evaluation_completed | completed=1240 | total=2048
[01:12:04] design_evaluation_completed | completed=1260 | total=2048
[01:13:08] design_evaluation_completed | completed=1280 | total=2048
[01:14:13] design_evaluation_completed | completed=1300 | total=2048
[01:15:19] design_evaluation_completed | completed=1320 | total=2048
[01:16:25] design_evaluation_completed | completed=1340 | total=2048
[01:17:34] design_evaluation_completed | completed=1360 | total=2048
[01:18:46] design_evaluation_completed | completed=1380 | total=2048
[01:19:54] design_evaluation_completed | completed=1400 | total=2048
[01:21:02] design_evaluation_completed | completed=1420 | total=2048
[01:22:07] design_evaluation_completed | completed=1440 | total=2048
[01:23:13] design_evaluation_completed | completed=1460 | total=2048
[01:24:19] design_evaluation_completed | completed=1480 | total=2048
[01:25:34] design_evaluation_completed | completed=1500 | total=2048
[01:26:46] design_evaluation_completed | completed=1520 | total=2048
[01:27:56] design_evaluation_completed | completed=1540 | total=2048
[01:29:04] design_evaluation_completed | completed=1560 | total=2048
[01:30:14] design_evaluation_completed | completed=1580 | total=2048
[01:31:29] design_evaluation_completed | completed=1600 | total=2048
[01:32:41] design_evaluation_completed | completed=1620 | total=2048
[01:34:02] design_evaluation_completed | completed=1640 | total=2048
[01:35:21] design_evaluation_completed | completed=1660 | total=2048
[01:36:33] design_evaluation_completed | completed=1680 | total=2048
[01:37:47] design_evaluation_completed | completed=1700 | total=2048
[01:39:03] design_evaluation_completed | completed=1720 | total=2048
[01:40:16] design_evaluation_completed | completed=1740 | total=2048
[01:41:23] design_evaluation_completed | completed=1760 | total=2048
[01:42:30] design_evaluation_completed | completed=1780 | total=2048
[01:43:34] design_evaluation_completed | completed=1800 | total=2048
[01:44:45] design_evaluation_completed | completed=1820 | total=2048
[01:45:54] design_evaluation_completed | completed=1840 | total=2048
[01:46:56] design_evaluation_completed | completed=1860 | total=2048
[01:48:06] design_evaluation_completed | completed=1880 | total=2048
[01:49:12] design_evaluation_completed | completed=1900 | total=2048
[01:50:18] design_evaluation_completed | completed=1920 | total=2048
[01:51:22] design_evaluation_completed | completed=1940 | total=2048
[01:52:33] design_evaluation_completed | completed=1960 | total=2048
[01:53:39] design_evaluation_completed | completed=1980 | total=2048
[01:54:44] design_evaluation_completed | completed=2000 | total=2048
[01:55:48] design_evaluation_completed | completed=2020 | total=2048
[01:56:58] design_evaluation_completed | completed=2040 | total=2048
[01:57:25] design_evaluation_completed | completed=2048 | total=2048
[01:57:25] surrogate_fit_started | completed=2048 | total=2048
[01:57:27] surrogate_fit_completed | total=40
[01:57:28] sobol_analysis_started | completed=0 | total=40
[01:57:51] sobol_analysis_completed | completed=40 | total=40
[02:04:15] sensitivity_completed
D:\OLD\Sync\Projekte\Masterarbeit\Project\PoC4\results\controller-v8-sensitivity\runs\rapec-v8-focused-sobol-20260802-165052
D:\OLD\Sync\Projekte\Masterarbeit\Project\PoC4\results\controller-v8-sensitivity\runs\rapec-v8-focused-sobol-20260802-165052\SUMMARY.md
