[00:00:00] sensitivity_started
[00:00:50] design_evaluation_completed | completed=10 | total=1024
[00:01:21] design_evaluation_completed | completed=20 | total=1024
[00:01:53] design_evaluation_completed | completed=30 | total=1024
[00:02:32] design_evaluation_completed | completed=40 | total=1024
[00:03:13] design_evaluation_completed | completed=50 | total=1024
[00:03:54] design_evaluation_completed | completed=60 | total=1024
[00:04:40] design_evaluation_completed | completed=70 | total=1024
[00:05:20] design_evaluation_completed | completed=80 | total=1024
[00:06:01] design_evaluation_completed | completed=90 | total=1024
[00:06:47] design_evaluation_completed | completed=100 | total=1024
[00:07:27] design_evaluation_completed | completed=110 | total=1024
[00:08:05] design_evaluation_completed | completed=120 | total=1024
[00:08:44] design_evaluation_completed | completed=130 | total=1024
[00:09:18] design_evaluation_completed | completed=140 | total=1024
[00:09:58] design_evaluation_completed | completed=150 | total=1024
[00:10:36] design_evaluation_completed | completed=160 | total=1024
[00:11:16] design_evaluation_completed | completed=170 | total=1024
[00:11:54] design_evaluation_completed | completed=180 | total=1024
[00:12:36] design_evaluation_completed | completed=190 | total=1024
[00:13:17] design_evaluation_completed | completed=200 | total=1024
[00:13:57] design_evaluation_completed | completed=210 | total=1024
[00:14:35] design_evaluation_completed | completed=220 | total=1024
[00:15:16] design_evaluation_completed | completed=230 | total=1024
[00:15:53] design_evaluation_completed | completed=240 | total=1024
[00:16:34] design_evaluation_completed | completed=250 | total=1024
[00:17:10] design_evaluation_completed | completed=260 | total=1024
[00:17:48] design_evaluation_completed | completed=270 | total=1024
[00:18:30] design_evaluation_completed | completed=280 | total=1024
[00:19:04] design_evaluation_completed | completed=290 | total=1024
[00:19:42] design_evaluation_completed | completed=300 | total=1024
[00:20:23] design_evaluation_completed | completed=310 | total=1024
[00:21:00] design_evaluation_completed | completed=320 | total=1024
[00:21:39] design_evaluation_completed | completed=330 | total=1024
[00:22:12] design_evaluation_completed | completed=340 | total=1024
[00:22:50] design_evaluation_completed | completed=350 | total=1024
[00:23:21] design_evaluation_completed | completed=360 | total=1024
[00:23:58] design_evaluation_completed | completed=370 | total=1024
[00:24:37] design_evaluation_completed | completed=380 | total=1024
[00:25:08] design_evaluation_completed | completed=390 | total=1024
[00:25:49] design_evaluation_completed | completed=400 | total=1024
[00:26:26] design_evaluation_completed | completed=410 | total=1024
[00:27:06] design_evaluation_completed | completed=420 | total=1024
[00:27:45] design_evaluation_completed | completed=430 | total=1024
[00:28:18] design_evaluation_completed | completed=440 | total=1024
[00:29:01] design_evaluation_completed | completed=450 | total=1024
[00:29:42] design_evaluation_completed | completed=460 | total=1024
[00:30:23] design_evaluation_completed | completed=470 | total=1024
[00:31:04] design_evaluation_completed | completed=480 | total=1024
[00:31:46] design_evaluation_completed | completed=490 | total=1024
[00:32:26] design_evaluation_completed | completed=500 | total=1024
[00:33:04] design_evaluation_completed | completed=510 | total=1024
[00:33:41] design_evaluation_completed | completed=520 | total=1024
[00:34:15] design_evaluation_completed | completed=530 | total=1024
[00:34:52] design_evaluation_completed | completed=540 | total=1024
[00:35:27] design_evaluation_completed | completed=550 | total=1024
[00:36:03] design_evaluation_completed | completed=560 | total=1024
[00:36:37] design_evaluation_completed | completed=570 | total=1024
[00:37:11] design_evaluation_completed | completed=580 | total=1024
[00:37:44] design_evaluation_completed | completed=590 | total=1024
[00:38:16] design_evaluation_completed | completed=600 | total=1024
[00:38:51] design_evaluation_completed | completed=610 | total=1024
[00:39:28] design_evaluation_completed | completed=620 | total=1024
[00:40:07] design_evaluation_completed | completed=630 | total=1024
[00:40:43] design_evaluation_completed | completed=640 | total=1024
[00:41:14] design_evaluation_completed | completed=650 | total=1024
[00:41:53] design_evaluation_completed | completed=660 | total=1024
[00:42:27] design_evaluation_completed | completed=670 | total=1024
[00:43:01] design_evaluation_completed | completed=680 | total=1024
[00:43:36] design_evaluation_completed | completed=690 | total=1024
[00:44:14] design_evaluation_completed | completed=700 | total=1024
[00:44:56] design_evaluation_completed | completed=710 | total=1024
[00:45:46] design_evaluation_completed | completed=720 | total=1024
[00:46:24] design_evaluation_completed | completed=730 | total=1024
[00:47:04] design_evaluation_completed | completed=740 | total=1024
[00:47:41] design_evaluation_completed | completed=750 | total=1024
[00:48:22] design_evaluation_completed | completed=760 | total=1024
[00:49:06] design_evaluation_completed | completed=770 | total=1024
[00:49:44] design_evaluation_completed | completed=780 | total=1024
[00:50:15] design_evaluation_completed | completed=790 | total=1024
[00:50:54] design_evaluation_completed | completed=800 | total=1024
[00:51:28] design_evaluation_completed | completed=810 | total=1024
[00:52:02] design_evaluation_completed | completed=820 | total=1024
[00:52:37] design_evaluation_completed | completed=830 | total=1024
[00:53:17] design_evaluation_completed | completed=840 | total=1024
[00:53:55] design_evaluation_completed | completed=850 | total=1024
[00:54:32] design_evaluation_completed | completed=860 | total=1024
[00:55:10] design_evaluation_completed | completed=870 | total=1024
[00:55:46] design_evaluation_completed | completed=880 | total=1024
[00:56:24] design_evaluation_completed | completed=890 | total=1024
[00:57:01] design_evaluation_completed | completed=900 | total=1024
[00:57:41] design_evaluation_completed | completed=910 | total=1024
[00:58:21] design_evaluation_completed | completed=920 | total=1024
[00:59:06] design_evaluation_completed | completed=930 | total=1024
[00:59:45] design_evaluation_completed | completed=940 | total=1024
[01:00:23] design_evaluation_completed | completed=950 | total=1024
[01:01:05] design_evaluation_completed | completed=960 | total=1024
[01:01:49] design_evaluation_completed | completed=970 | total=1024
[01:02:33] design_evaluation_completed | completed=980 | total=1024
[01:03:08] design_evaluation_completed | completed=990 | total=1024
[01:03:49] design_evaluation_completed | completed=1000 | total=1024
[01:04:27] design_evaluation_completed | completed=1010 | total=1024
[01:05:14] design_evaluation_completed | completed=1020 | total=1024
[01:05:30] design_evaluation_completed | completed=1024 | total=1024
[01:05:30] surrogate_fit_started | completed=1024 | total=1024
[01:05:32] surrogate_fit_completed | total=40
[01:05:34] sobol_analysis_started | completed=0 | total=40
[01:07:39] sobol_analysis_completed | completed=40 | total=40
[01:13:03] sensitivity_completed
D:\OLD\Sync\Projekte\Masterarbeit\Project\PoC4\results\controller-v8-sensitivity\runs\rapec-v8-sobol-20260802-151745
D:\OLD\Sync\Projekte\Masterarbeit\Project\PoC4\results\controller-v8-sensitivity\runs\rapec-v8-sobol-20260802-151745\SUMMARY.md
