D:\OLD\Sync\Projekte\Masterarbeit\Project\PoC4\results\controller-scientific-optimization\.venv\Lib\site-packages\botorch\models\utils\assorted.py:279: InputDataWarning: Data (outcome observations) is not standardized (std = tensor([0.], dtype=torch.float64), mean = tensor([0.], dtype=torch.float64)).Please consider scaling the input to zero mean and unit variance.
  check_standardization(Y=train_Y, raise_on_fail=raise_on_fail)
D:\OLD\Sync\Projekte\Masterarbeit\Project\PoC4\results\controller-scientific-optimization\.venv\Lib\site-packages\botorch\acquisition\multi_objective\logei.py:602: UserWarning: Failed to compile fused qLogEHVI C++ extension: Ninja is required to load C++ extensions (pip install ninja to get it). Falling back to the pure-Python implementation. To get ~3x speedup, ensure a C++ compiler and the `ninja` package are installed.
  _try_load_fused_kernel()
D:\OLD\Sync\Projekte\Masterarbeit\Project\PoC4\results\controller-scientific-optimization\.venv\Lib\site-packages\botorch\models\utils\assorted.py:279: InputDataWarning: Data (outcome observations) is not standardized (std = tensor([0.], dtype=torch.float64), mean = tensor([0.], dtype=torch.float64)).Please consider scaling the input to zero mean and unit variance.
  check_standardization(Y=train_Y, raise_on_fail=raise_on_fail)
D:\OLD\Sync\Projekte\Masterarbeit\Project\PoC4\results\controller-scientific-optimization\.venv\Lib\site-packages\botorch\models\utils\assorted.py:279: InputDataWarning: Data (outcome observations) is not standardized (std = tensor([0.], dtype=torch.float64), mean = tensor([0.], dtype=torch.float64)).Please consider scaling the input to zero mean and unit variance.
  check_standardization(Y=train_Y, raise_on_fail=raise_on_fail)
D:\OLD\Sync\Projekte\Masterarbeit\Project\PoC4\results\controller-scientific-optimization\.venv\Lib\site-packages\botorch\models\utils\assorted.py:279: InputDataWarning: Data (outcome observations) is not standardized (std = tensor([0.], dtype=torch.float64), mean = tensor([0.], dtype=torch.float64)).Please consider scaling the input to zero mean and unit variance.
  check_standardization(Y=train_Y, raise_on_fail=raise_on_fail)
D:\OLD\Sync\Projekte\Masterarbeit\Project\PoC4\results\controller-scientific-optimization\.venv\Lib\site-packages\botorch\models\utils\assorted.py:279: InputDataWarning: Data (outcome observations) is not standardized (std = tensor([0.], dtype=torch.float64), mean = tensor([0.], dtype=torch.float64)).Please consider scaling the input to zero mean and unit variance.
  check_standardization(Y=train_Y, raise_on_fail=raise_on_fail)
D:\OLD\Sync\Projekte\Masterarbeit\Project\PoC4\results\controller-scientific-optimization\.venv\Lib\site-packages\botorch\models\utils\assorted.py:279: InputDataWarning: Data (outcome observations) is not standardized (std = tensor([0.], dtype=torch.float64), mean = tensor([0.], dtype=torch.float64)).Please consider scaling the input to zero mean and unit variance.
  check_standardization(Y=train_Y, raise_on_fail=raise_on_fail)
D:\OLD\Sync\Projekte\Masterarbeit\Project\PoC4\results\controller-scientific-optimization\.venv\Lib\site-packages\botorch\models\utils\assorted.py:279: InputDataWarning: Data (outcome observations) is not standardized (std = tensor([0.], dtype=torch.float64), mean = tensor([0.], dtype=torch.float64)).Please consider scaling the input to zero mean and unit variance.
  check_standardization(Y=train_Y, raise_on_fail=raise_on_fail)
D:\OLD\Sync\Projekte\Masterarbeit\Project\PoC4\results\controller-scientific-optimization\.venv\Lib\site-packages\botorch\models\utils\assorted.py:279: InputDataWarning: Data (outcome observations) is not standardized (std = tensor([0.], dtype=torch.float64), mean = tensor([0.], dtype=torch.float64)).Please consider scaling the input to zero mean and unit variance.
  check_standardization(Y=train_Y, raise_on_fail=raise_on_fail)
D:\OLD\Sync\Projekte\Masterarbeit\Project\PoC4\results\controller-scientific-optimization\.venv\Lib\site-packages\botorch\models\utils\assorted.py:279: InputDataWarning: Data (outcome observations) is not standardized (std = tensor([0.], dtype=torch.float64), mean = tensor([0.], dtype=torch.float64)).Please consider scaling the input to zero mean and unit variance.
  check_standardization(Y=train_Y, raise_on_fail=raise_on_fail)
D:\OLD\Sync\Projekte\Masterarbeit\Project\PoC4\results\controller-scientific-optimization\.venv\Lib\site-packages\botorch\models\utils\assorted.py:279: InputDataWarning: Data (outcome observations) is not standardized (std = tensor([0.], dtype=torch.float64), mean = tensor([-6.9389e-18], dtype=torch.float64)).Please consider scaling the input to zero mean and unit variance.
  check_standardization(Y=train_Y, raise_on_fail=raise_on_fail)
D:\OLD\Sync\Projekte\Masterarbeit\Project\PoC4\results\controller-scientific-optimization\.venv\Lib\site-packages\botorch\models\utils\assorted.py:279: InputDataWarning: Data (outcome observations) is not standardized (std = tensor([0.], dtype=torch.float64), mean = tensor([0.], dtype=torch.float64)).Please consider scaling the input to zero mean and unit variance.
  check_standardization(Y=train_Y, raise_on_fail=raise_on_fail)
D:\OLD\Sync\Projekte\Masterarbeit\Project\PoC4\results\controller-scientific-optimization\.venv\Lib\site-packages\botorch\models\utils\assorted.py:279: InputDataWarning: Data (outcome observations) is not standardized (std = tensor([0.], dtype=torch.float64), mean = tensor([6.9389e-18], dtype=torch.float64)).Please consider scaling the input to zero mean and unit variance.
  check_standardization(Y=train_Y, raise_on_fail=raise_on_fail)
D:\OLD\Sync\Projekte\Masterarbeit\Project\PoC4\results\controller-scientific-optimization\.venv\Lib\site-packages\botorch\models\utils\assorted.py:279: InputDataWarning: Data (outcome observations) is not standardized (std = tensor([0.], dtype=torch.float64), mean = tensor([0.], dtype=torch.float64)).Please consider scaling the input to zero mean and unit variance.
  check_standardization(Y=train_Y, raise_on_fail=raise_on_fail)
D:\OLD\Sync\Projekte\Masterarbeit\Project\PoC4\results\controller-scientific-optimization\.venv\Lib\site-packages\botorch\models\utils\assorted.py:279: InputDataWarning: Data (outcome observations) is not standardized (std = tensor([0.], dtype=torch.float64), mean = tensor([-6.9389e-18], dtype=torch.float64)).Please consider scaling the input to zero mean and unit variance.
  check_standardization(Y=train_Y, raise_on_fail=raise_on_fail)
D:\OLD\Sync\Projekte\Masterarbeit\Project\PoC4\results\controller-scientific-optimization\.venv\Lib\site-packages\botorch\models\utils\assorted.py:279: InputDataWarning: Data (outcome observations) is not standardized (std = tensor([0.], dtype=torch.float64), mean = tensor([0.], dtype=torch.float64)).Please consider scaling the input to zero mean and unit variance.
  check_standardization(Y=train_Y, raise_on_fail=raise_on_fail)
D:\OLD\Sync\Projekte\Masterarbeit\Project\PoC4\results\controller-scientific-optimization\.venv\Lib\site-packages\botorch\models\utils\assorted.py:279: InputDataWarning: Data (outcome observations) is not standardized (std = tensor([0.], dtype=torch.float64), mean = tensor([6.9389e-18], dtype=torch.float64)).Please consider scaling the input to zero mean and unit variance.
  check_standardization(Y=train_Y, raise_on_fail=raise_on_fail)
D:\OLD\Sync\Projekte\Masterarbeit\Project\PoC4\results\controller-scientific-optimization\.venv\Lib\site-packages\botorch\models\utils\assorted.py:279: InputDataWarning: Data (outcome observations) is not standardized (std = tensor([0.], dtype=torch.float64), mean = tensor([0.], dtype=torch.float64)).Please consider scaling the input to zero mean and unit variance.
  check_standardization(Y=train_Y, raise_on_fail=raise_on_fail)
D:\OLD\Sync\Projekte\Masterarbeit\Project\PoC4\results\controller-scientific-optimization\.venv\Lib\site-packages\botorch\models\utils\assorted.py:279: InputDataWarning: Data (outcome observations) is not standardized (std = tensor([0.], dtype=torch.float64), mean = tensor([-6.9389e-18], dtype=torch.float64)).Please consider scaling the input to zero mean and unit variance.
  check_standardization(Y=train_Y, raise_on_fail=raise_on_fail)
D:\OLD\Sync\Projekte\Masterarbeit\Project\PoC4\results\controller-scientific-optimization\.venv\Lib\site-packages\botorch\models\utils\assorted.py:279: InputDataWarning: Data (outcome observations) is not standardized (std = tensor([0.], dtype=torch.float64), mean = tensor([0.], dtype=torch.float64)).Please consider scaling the input to zero mean and unit variance.
  check_standardization(Y=train_Y, raise_on_fail=raise_on_fail)
D:\OLD\Sync\Projekte\Masterarbeit\Project\PoC4\results\controller-scientific-optimization\.venv\Lib\site-packages\botorch\models\utils\assorted.py:279: InputDataWarning: Data (outcome observations) is not standardized (std = tensor([0.], dtype=torch.float64), mean = tensor([6.9389e-18], dtype=torch.float64)).Please consider scaling the input to zero mean and unit variance.
  check_standardization(Y=train_Y, raise_on_fail=raise_on_fail)
D:\OLD\Sync\Projekte\Masterarbeit\Project\PoC4\results\controller-scientific-optimization\.venv\Lib\site-packages\botorch\models\utils\assorted.py:279: InputDataWarning: Data (outcome observations) is not standardized (std = tensor([0.], dtype=torch.float64), mean = tensor([0.], dtype=torch.float64)).Please consider scaling the input to zero mean and unit variance.
  check_standardization(Y=train_Y, raise_on_fail=raise_on_fail)
D:\OLD\Sync\Projekte\Masterarbeit\Project\PoC4\results\controller-scientific-optimization\.venv\Lib\site-packages\botorch\models\utils\assorted.py:279: InputDataWarning: Data (outcome observations) is not standardized (std = tensor([0.], dtype=torch.float64), mean = tensor([-6.9389e-18], dtype=torch.float64)).Please consider scaling the input to zero mean and unit variance.
  check_standardization(Y=train_Y, raise_on_fail=raise_on_fail)
D:\OLD\Sync\Projekte\Masterarbeit\Project\PoC4\results\controller-scientific-optimization\.venv\Lib\site-packages\botorch\models\utils\assorted.py:279: InputDataWarning: Data (outcome observations) is not standardized (std = tensor([0.], dtype=torch.float64), mean = tensor([-6.9389e-18], dtype=torch.float64)).Please consider scaling the input to zero mean and unit variance.
  check_standardization(Y=train_Y, raise_on_fail=raise_on_fail)
D:\OLD\Sync\Projekte\Masterarbeit\Project\PoC4\results\controller-scientific-optimization\.venv\Lib\site-packages\botorch\models\utils\assorted.py:279: InputDataWarning: Data (outcome observations) is not standardized (std = tensor([0.], dtype=torch.float64), mean = tensor([6.9389e-18], dtype=torch.float64)).Please consider scaling the input to zero mean and unit variance.
  check_standardization(Y=train_Y, raise_on_fail=raise_on_fail)
D:\OLD\Sync\Projekte\Masterarbeit\Project\PoC4\results\controller-scientific-optimization\.venv\Lib\site-packages\botorch\models\utils\assorted.py:279: InputDataWarning: Data (outcome observations) is not standardized (std = tensor([0.], dtype=torch.float64), mean = tensor([0.], dtype=torch.float64)).Please consider scaling the input to zero mean and unit variance.
  check_standardization(Y=train_Y, raise_on_fail=raise_on_fail)
D:\OLD\Sync\Projekte\Masterarbeit\Project\PoC4\results\controller-scientific-optimization\.venv\Lib\site-packages\botorch\models\utils\assorted.py:279: InputDataWarning: Data (outcome observations) is not standardized (std = tensor([0.], dtype=torch.float64), mean = tensor([6.9389e-18], dtype=torch.float64)).Please consider scaling the input to zero mean and unit variance.
  check_standardization(Y=train_Y, raise_on_fail=raise_on_fail)
D:\OLD\Sync\Projekte\Masterarbeit\Project\PoC4\results\controller-scientific-optimization\.venv\Lib\site-packages\botorch\models\utils\assorted.py:279: InputDataWarning: Data (outcome observations) is not standardized (std = tensor([0.], dtype=torch.float64), mean = tensor([0.], dtype=torch.float64)).Please consider scaling the input to zero mean and unit variance.
  check_standardization(Y=train_Y, raise_on_fail=raise_on_fail)
D:\OLD\Sync\Projekte\Masterarbeit\Project\PoC4\results\controller-scientific-optimization\.venv\Lib\site-packages\botorch\models\utils\assorted.py:279: InputDataWarning: Data (outcome observations) is not standardized (std = tensor([0.], dtype=torch.float64), mean = tensor([-6.9389e-18], dtype=torch.float64)).Please consider scaling the input to zero mean and unit variance.
  check_standardization(Y=train_Y, raise_on_fail=raise_on_fail)
D:\OLD\Sync\Projekte\Masterarbeit\Project\PoC4\results\controller-scientific-optimization\.venv\Lib\site-packages\botorch\models\utils\assorted.py:279: InputDataWarning: Data (outcome observations) is not standardized (std = tensor([0.], dtype=torch.float64), mean = tensor([0.], dtype=torch.float64)).Please consider scaling the input to zero mean and unit variance.
  check_standardization(Y=train_Y, raise_on_fail=raise_on_fail)
D:\OLD\Sync\Projekte\Masterarbeit\Project\PoC4\results\controller-scientific-optimization\.venv\Lib\site-packages\botorch\models\utils\assorted.py:279: InputDataWarning: Data (outcome observations) is not standardized (std = tensor([0.], dtype=torch.float64), mean = tensor([-6.9389e-18], dtype=torch.float64)).Please consider scaling the input to zero mean and unit variance.
  check_standardization(Y=train_Y, raise_on_fail=raise_on_fail)
D:\OLD\Sync\Projekte\Masterarbeit\Project\PoC4\results\controller-scientific-optimization\.venv\Lib\site-packages\botorch\models\utils\assorted.py:279: InputDataWarning: Data (outcome observations) is not standardized (std = tensor([0.], dtype=torch.float64), mean = tensor([6.9389e-18], dtype=torch.float64)).Please consider scaling the input to zero mean and unit variance.
  check_standardization(Y=train_Y, raise_on_fail=raise_on_fail)
D:\OLD\Sync\Projekte\Masterarbeit\Project\PoC4\results\controller-scientific-optimization\.venv\Lib\site-packages\botorch\models\utils\assorted.py:279: InputDataWarning: Data (outcome observations) is not standardized (std = tensor([0.], dtype=torch.float64), mean = tensor([6.9389e-18], dtype=torch.float64)).Please consider scaling the input to zero mean and unit variance.
  check_standardization(Y=train_Y, raise_on_fail=raise_on_fail)
D:\OLD\Sync\Projekte\Masterarbeit\Project\PoC4\results\controller-scientific-optimization\.venv\Lib\site-packages\botorch\models\utils\assorted.py:279: InputDataWarning: Data (outcome observations) is not standardized (std = tensor([0.], dtype=torch.float64), mean = tensor([0.], dtype=torch.float64)).Please consider scaling the input to zero mean and unit variance.
  check_standardization(Y=train_Y, raise_on_fail=raise_on_fail)
D:\OLD\Sync\Projekte\Masterarbeit\Project\PoC4\results\controller-scientific-optimization\.venv\Lib\site-packages\botorch\models\utils\assorted.py:279: InputDataWarning: Data (outcome observations) is not standardized (std = tensor([0.], dtype=torch.float64), mean = tensor([0.], dtype=torch.float64)).Please consider scaling the input to zero mean and unit variance.
  check_standardization(Y=train_Y, raise_on_fail=raise_on_fail)
D:\OLD\Sync\Projekte\Masterarbeit\Project\PoC4\results\controller-scientific-optimization\.venv\Lib\site-packages\botorch\models\utils\assorted.py:279: InputDataWarning: Data (outcome observations) is not standardized (std = tensor([0.], dtype=torch.float64), mean = tensor([0.], dtype=torch.float64)).Please consider scaling the input to zero mean and unit variance.
  check_standardization(Y=train_Y, raise_on_fail=raise_on_fail)
D:\OLD\Sync\Projekte\Masterarbeit\Project\PoC4\results\controller-scientific-optimization\.venv\Lib\site-packages\botorch\models\utils\assorted.py:279: InputDataWarning: Data (outcome observations) is not standardized (std = tensor([0.], dtype=torch.float64), mean = tensor([0.], dtype=torch.float64)).Please consider scaling the input to zero mean and unit variance.
  check_standardization(Y=train_Y, raise_on_fail=raise_on_fail)
D:\OLD\Sync\Projekte\Masterarbeit\Project\PoC4\results\controller-scientific-optimization\.venv\Lib\site-packages\botorch\models\utils\assorted.py:279: InputDataWarning: Data (outcome observations) is not standardized (std = tensor([0.], dtype=torch.float64), mean = tensor([0.], dtype=torch.float64)).Please consider scaling the input to zero mean and unit variance.
  check_standardization(Y=train_Y, raise_on_fail=raise_on_fail)
D:\OLD\Sync\Projekte\Masterarbeit\Project\PoC4\results\controller-scientific-optimization\.venv\Lib\site-packages\botorch\models\utils\assorted.py:279: InputDataWarning: Data (outcome observations) is not standardized (std = tensor([0.], dtype=torch.float64), mean = tensor([0.], dtype=torch.float64)).Please consider scaling the input to zero mean and unit variance.
  check_standardization(Y=train_Y, raise_on_fail=raise_on_fail)
D:\OLD\Sync\Projekte\Masterarbeit\Project\PoC4\results\controller-scientific-optimization\.venv\Lib\site-packages\botorch\models\utils\assorted.py:279: InputDataWarning: Data (outcome observations) is not standardized (std = tensor([0.], dtype=torch.float64), mean = tensor([-6.9389e-18], dtype=torch.float64)).Please consider scaling the input to zero mean and unit variance.
  check_standardization(Y=train_Y, raise_on_fail=raise_on_fail)
D:\OLD\Sync\Projekte\Masterarbeit\Project\PoC4\results\controller-scientific-optimization\.venv\Lib\site-packages\botorch\models\utils\assorted.py:279: InputDataWarning: Data (outcome observations) is not standardized (std = tensor([0.], dtype=torch.float64), mean = tensor([0.], dtype=torch.float64)).Please consider scaling the input to zero mean and unit variance.
  check_standardization(Y=train_Y, raise_on_fail=raise_on_fail)
